  ▲ Next.js 14.2.0
  - Local:        http://localhost:3000

 ✓ Starting...
 ✓ Ready in 433ms
  ▲ Next.js 14.2.0
  - Local:        http://localhost:3000

 ✓ Starting...
 ✓ Ready in 3s
  ▲ Next.js 14.2.0
  - Local:        http://localhost:3000

 ✓ Starting...
 ✓ Ready in 1801ms
  ▲ Next.js 14.2.0
  - Local:        http://localhost:3000

 ✓ Starting...
 ✓ Ready in 1613ms
  ▲ Next.js 14.2.0
  - Local:        http://localhost:3000

 ✓ Starting...
 ✓ Ready in 3.1s
  ▲ Next.js 14.2.0
  - Local:        http://localhost:3000

 ✓ Starting...
 ✓ Ready in 4.1s
